
===========================================================================
report_checks -path_delay max (Setup)
============================================================================
======================= Fastest Corner ===================================

Startpoint: sel[0] (input port clocked by clk)
Endpoint: _127_ (rising edge-triggered flip-flop clocked by clk)
Path Group: clk
Path Type: max
Corner: Fastest

Fanout     Cap    Slew   Delay    Time   Description
-----------------------------------------------------------------------------
                          0.00    0.00   clock clk (rise edge)
                          0.00    0.00   clock network delay (propagated)
                          2.00    2.00 ^ input external delay
                  0.01    0.01    2.01 ^ sel[0] (in)
     1    0.00                           sel[0] (net)
                  0.01    0.00    2.01 ^ input10/A (sky130_fd_sc_hd__buf_2)
                  0.14    0.14    2.15 ^ input10/X (sky130_fd_sc_hd__buf_2)
    10    0.04                           net10 (net)
                  0.14    0.00    2.15 ^ _080_/B (sky130_fd_sc_hd__nand3b_2)
                  0.08    0.10    2.25 v _080_/Y (sky130_fd_sc_hd__nand3b_2)
     5    0.02                           _021_ (net)
                  0.08    0.00    2.25 v _081_/A2 (sky130_fd_sc_hd__a21bo_1)
                  0.03    0.15    2.40 v _081_/X (sky130_fd_sc_hd__a21bo_1)
     2    0.00                           _022_ (net)
                  0.03    0.00    2.40 v _084_/A1 (sky130_fd_sc_hd__a21o_1)
                  0.04    0.12    2.52 v _084_/X (sky130_fd_sc_hd__a21o_1)
     2    0.01                           _025_ (net)
                  0.04    0.00    2.52 v _095_/A1 (sky130_fd_sc_hd__a21oi_2)
                  0.15    0.16    2.68 ^ _095_/Y (sky130_fd_sc_hd__a21oi_2)
     3    0.02                           _035_ (net)
                  0.15    0.00    2.68 ^ _110_/A1 (sky130_fd_sc_hd__o21ai_1)
                  0.05    0.06    2.74 v _110_/Y (sky130_fd_sc_hd__o21ai_1)
     1    0.00                           _049_ (net)
                  0.05    0.00    2.74 v _117_/A1 (sky130_fd_sc_hd__a311o_1)
                  0.04    0.18    2.91 v _117_/X (sky130_fd_sc_hd__a311o_1)
     1    0.00                           _056_ (net)
                  0.04    0.00    2.91 v _123_/A1 (sky130_fd_sc_hd__a311oi_1)
                  0.17    0.17    3.08 ^ _123_/Y (sky130_fd_sc_hd__a311oi_1)
     1    0.00                           _003_ (net)
                  0.17    0.00    3.08 ^ _127_/D (sky130_fd_sc_hd__dfxtp_1)
                                  3.08   data arrival time

                         10.00   10.00   clock clk (rise edge)
                          0.00   10.00   clock source latency
                  0.05    0.03   10.03 ^ clk (in)
     1    0.01                           clk (net)
                  0.05    0.00   10.03 ^ clkbuf_0_clk/A (sky130_fd_sc_hd__clkbuf_16)
                  0.03    0.09   10.12 ^ clkbuf_0_clk/X (sky130_fd_sc_hd__clkbuf_16)
     2    0.02                           clknet_0_clk (net)
                  0.03    0.00   10.12 ^ clkbuf_1_1__f_clk/A (sky130_fd_sc_hd__clkbuf_16)
                  0.02    0.07   10.20 ^ clkbuf_1_1__f_clk/X (sky130_fd_sc_hd__clkbuf_16)
     2    0.01                           clknet_1_1__leaf_clk (net)
                  0.02    0.00   10.20 ^ _127_/CLK (sky130_fd_sc_hd__dfxtp_1)
                         -0.25    9.95   clock uncertainty
                          0.00    9.95   clock reconvergence pessimism
                         -0.04    9.91   library setup time
                                  9.91   data required time
-----------------------------------------------------------------------------
                                  9.91   data required time
                                 -3.08   data arrival time
-----------------------------------------------------------------------------
                                  6.83   slack (MET)


Startpoint: sel[0] (input port clocked by clk)
Endpoint: _125_ (rising edge-triggered flip-flop clocked by clk)
Path Group: clk
Path Type: max
Corner: Fastest

Fanout     Cap    Slew   Delay    Time   Description
-----------------------------------------------------------------------------
                          0.00    0.00   clock clk (rise edge)
                          0.00    0.00   clock network delay (propagated)
                          2.00    2.00 ^ input external delay
                  0.01    0.01    2.01 ^ sel[0] (in)
     1    0.00                           sel[0] (net)
                  0.01    0.00    2.01 ^ input10/A (sky130_fd_sc_hd__buf_2)
                  0.14    0.14    2.15 ^ input10/X (sky130_fd_sc_hd__buf_2)
    10    0.04                           net10 (net)
                  0.14    0.00    2.15 ^ _080_/B (sky130_fd_sc_hd__nand3b_2)
                  0.08    0.10    2.25 v _080_/Y (sky130_fd_sc_hd__nand3b_2)
     5    0.02                           _021_ (net)
                  0.08    0.00    2.25 v _081_/A2 (sky130_fd_sc_hd__a21bo_1)
                  0.03    0.15    2.40 v _081_/X (sky130_fd_sc_hd__a21bo_1)
     2    0.00                           _022_ (net)
                  0.03    0.00    2.40 v _083_/B (sky130_fd_sc_hd__and3_1)
                  0.04    0.12    2.53 v _083_/X (sky130_fd_sc_hd__and3_1)
     2    0.01                           _024_ (net)
                  0.04    0.00    2.53 v _085_/A (sky130_fd_sc_hd__or2b_1)
                  0.04    0.15    2.68 v _085_/X (sky130_fd_sc_hd__or2b_1)
     1    0.01                           _026_ (net)
                  0.04    0.00    2.68 v _087_/A (sky130_fd_sc_hd__xnor2_1)
                  0.13    0.15    2.82 ^ _087_/Y (sky130_fd_sc_hd__xnor2_1)
     1    0.01                           _028_ (net)
                  0.13    0.00    2.82 ^ _091_/A2 (sky130_fd_sc_hd__a21oi_1)
                  0.05    0.06    2.88 v _091_/Y (sky130_fd_sc_hd__a21oi_1)
     1    0.00                           _032_ (net)
                  0.05    0.00    2.88 v _093_/A3 (sky130_fd_sc_hd__a311oi_1)
                  0.15    0.19    3.07 ^ _093_/Y (sky130_fd_sc_hd__a311oi_1)
     1    0.00                           _001_ (net)
                  0.15    0.00    3.07 ^ _125_/D (sky130_fd_sc_hd__dfxtp_1)
                                  3.07   data arrival time

                         10.00   10.00   clock clk (rise edge)
                          0.00   10.00   clock source latency
                  0.05    0.03   10.03 ^ clk (in)
     1    0.01                           clk (net)
                  0.05    0.00   10.03 ^ clkbuf_0_clk/A (sky130_fd_sc_hd__clkbuf_16)
                  0.03    0.09   10.12 ^ clkbuf_0_clk/X (sky130_fd_sc_hd__clkbuf_16)
     2    0.02                           clknet_0_clk (net)
                  0.03    0.00   10.12 ^ clkbuf_1_0__f_clk/A (sky130_fd_sc_hd__clkbuf_16)
                  0.02    0.07   10.20 ^ clkbuf_1_0__f_clk/X (sky130_fd_sc_hd__clkbuf_16)
     2    0.01                           clknet_1_0__leaf_clk (net)
                  0.02    0.00   10.20 ^ _125_/CLK (sky130_fd_sc_hd__dfxtp_1)
                         -0.25    9.95   clock uncertainty
                          0.00    9.95   clock reconvergence pessimism
                         -0.04    9.91   library setup time
                                  9.91   data required time
-----------------------------------------------------------------------------
                                  9.91   data required time
                                 -3.07   data arrival time
-----------------------------------------------------------------------------
                                  6.83   slack (MET)


Startpoint: B[0] (input port clocked by clk)
Endpoint: _126_ (rising edge-triggered flip-flop clocked by clk)
Path Group: clk
Path Type: max
Corner: Fastest

Fanout     Cap    Slew   Delay    Time   Description
-----------------------------------------------------------------------------
                          0.00    0.00   clock clk (rise edge)
                          0.00    0.00   clock network delay (propagated)
                          2.00    2.00 v input external delay
                  0.01    0.00    2.00 v B[0] (in)
     1    0.00                           B[0] (net)
                  0.01    0.00    2.00 v input5/A (sky130_fd_sc_hd__clkbuf_2)
                  0.07    0.11    2.11 v input5/X (sky130_fd_sc_hd__clkbuf_2)
     7    0.03                           net5 (net)
                  0.07    0.00    2.11 v _096_/A (sky130_fd_sc_hd__or2_1)
                  0.06    0.18    2.29 v _096_/X (sky130_fd_sc_hd__or2_1)
     3    0.01                           _036_ (net)
                  0.06    0.00    2.29 v _098_/C (sky130_fd_sc_hd__and3_1)
                  0.05    0.16    2.45 v _098_/X (sky130_fd_sc_hd__and3_1)
     3    0.01                           _038_ (net)
                  0.05    0.00    2.45 v _100_/C (sky130_fd_sc_hd__nor3_1)
                  0.24    0.21    2.66 ^ _100_/Y (sky130_fd_sc_hd__nor3_1)
     3    0.01                           _040_ (net)
                  0.24    0.00    2.66 ^ _101_/B (sky130_fd_sc_hd__nor2_1)
                  0.06    0.03    2.70 v _101_/Y (sky130_fd_sc_hd__nor2_1)
     1    0.00                           _041_ (net)
                  0.06    0.00    2.70 v _102_/B (sky130_fd_sc_hd__xnor2_1)
                  0.10    0.11    2.81 ^ _102_/Y (sky130_fd_sc_hd__xnor2_1)
     1    0.00                           _042_ (net)
                  0.10    0.00    2.81 ^ _106_/A2 (sky130_fd_sc_hd__a21oi_1)
                  0.04    0.05    2.86 v _106_/Y (sky130_fd_sc_hd__a21oi_1)
     1    0.00                           _046_ (net)
                  0.04    0.00    2.86 v _108_/A3 (sky130_fd_sc_hd__a311oi_1)
                  0.15    0.18    3.04 ^ _108_/Y (sky130_fd_sc_hd__a311oi_1)
     1    0.00                           _002_ (net)
                  0.15    0.00    3.04 ^ _126_/D (sky130_fd_sc_hd__dfxtp_1)
                                  3.04   data arrival time

                         10.00   10.00   clock clk (rise edge)
                          0.00   10.00   clock source latency
                  0.05    0.03   10.03 ^ clk (in)
     1    0.01                           clk (net)
                  0.05    0.00   10.03 ^ clkbuf_0_clk/A (sky130_fd_sc_hd__clkbuf_16)
                  0.03    0.09   10.12 ^ clkbuf_0_clk/X (sky130_fd_sc_hd__clkbuf_16)
     2    0.02                           clknet_0_clk (net)
                  0.03    0.00   10.12 ^ clkbuf_1_1__f_clk/A (sky130_fd_sc_hd__clkbuf_16)
                  0.02    0.07   10.20 ^ clkbuf_1_1__f_clk/X (sky130_fd_sc_hd__clkbuf_16)
     2    0.01                           clknet_1_1__leaf_clk (net)
                  0.02    0.00   10.20 ^ _126_/CLK (sky130_fd_sc_hd__dfxtp_1)
                         -0.25    9.95   clock uncertainty
                          0.00    9.95   clock reconvergence pessimism
                         -0.04    9.91   library setup time
                                  9.91   data required time
-----------------------------------------------------------------------------
                                  9.91   data required time
                                 -3.04   data arrival time
-----------------------------------------------------------------------------
                                  6.86   slack (MET)


Startpoint: sel[1] (input port clocked by clk)
Endpoint: _124_ (rising edge-triggered flip-flop clocked by clk)
Path Group: clk
Path Type: max
Corner: Fastest

Fanout     Cap    Slew   Delay    Time   Description
-----------------------------------------------------------------------------
                          0.00    0.00   clock clk (rise edge)
                          0.00    0.00   clock network delay (propagated)
                          2.00    2.00 ^ input external delay
                  0.02    0.01    2.01 ^ sel[1] (in)
     1    0.00                           sel[1] (net)
                  0.02    0.00    2.01 ^ input11/A (sky130_fd_sc_hd__buf_1)
                  0.16    0.14    2.15 ^ input11/X (sky130_fd_sc_hd__buf_1)
     3    0.02                           net11 (net)
                  0.16    0.00    2.15 ^ _063_/A (sky130_fd_sc_hd__buf_2)
                  0.13    0.17    2.32 ^ _063_/X (sky130_fd_sc_hd__buf_2)
    10    0.03                           _005_ (net)
                  0.13    0.00    2.32 ^ _072_/C (sky130_fd_sc_hd__or3_1)
                  0.03    0.08    2.40 ^ _072_/X (sky130_fd_sc_hd__or3_1)
     1    0.00                           _014_ (net)
                  0.03    0.00    2.41 ^ _073_/A (sky130_fd_sc_hd__clkbuf_2)
                  0.13    0.14    2.54 ^ _073_/X (sky130_fd_sc_hd__clkbuf_2)
     7    0.03                           _015_ (net)
                  0.13    0.00    2.55 ^ _074_/C_N (sky130_fd_sc_hd__or3b_1)
                  0.04    0.20    2.75 v _074_/X (sky130_fd_sc_hd__or3b_1)
     1    0.00                           _016_ (net)
                  0.04    0.00    2.75 v _076_/B (sky130_fd_sc_hd__and3b_1)
                  0.03    0.11    2.86 v _076_/X (sky130_fd_sc_hd__and3b_1)
     1    0.00                           _018_ (net)
                  0.03    0.00    2.86 v _077_/A (sky130_fd_sc_hd__clkbuf_1)
                  0.02    0.06    2.91 v _077_/X (sky130_fd_sc_hd__clkbuf_1)
     1    0.00                           _000_ (net)
                  0.02    0.00    2.91 v _124_/D (sky130_fd_sc_hd__dfxtp_1)
                                  2.91   data arrival time

                         10.00   10.00   clock clk (rise edge)
                          0.00   10.00   clock source latency
                  0.05    0.03   10.03 ^ clk (in)
     1    0.01                           clk (net)
                  0.05    0.00   10.03 ^ clkbuf_0_clk/A (sky130_fd_sc_hd__clkbuf_16)
                  0.03    0.09   10.12 ^ clkbuf_0_clk/X (sky130_fd_sc_hd__clkbuf_16)
     2    0.02                           clknet_0_clk (net)
                  0.03    0.00   10.12 ^ clkbuf_1_0__f_clk/A (sky130_fd_sc_hd__clkbuf_16)
                  0.02    0.07   10.20 ^ clkbuf_1_0__f_clk/X (sky130_fd_sc_hd__clkbuf_16)
     2    0.01                           clknet_1_0__leaf_clk (net)
                  0.02    0.00   10.20 ^ _124_/CLK (sky130_fd_sc_hd__dfxtp_1)
                         -0.25    9.95   clock uncertainty
                          0.00    9.95   clock reconvergence pessimism
                         -0.07    9.88   library setup time
                                  9.88   data required time
-----------------------------------------------------------------------------
                                  9.88   data required time
                                 -2.91   data arrival time
-----------------------------------------------------------------------------
                                  6.97   slack (MET)


Startpoint: _127_ (rising edge-triggered flip-flop clocked by clk)
Endpoint: result[3] (output port clocked by clk)
Path Group: clk
Path Type: max
Corner: Fastest

Fanout     Cap    Slew   Delay    Time   Description
-----------------------------------------------------------------------------
                          0.00    0.00   clock clk (rise edge)
                          0.00    0.00   clock source latency
                  0.05    0.04    0.04 ^ clk (in)
     1    0.01                           clk (net)
                  0.05    0.00    0.04 ^ clkbuf_0_clk/A (sky130_fd_sc_hd__clkbuf_16)
                  0.03    0.10    0.13 ^ clkbuf_0_clk/X (sky130_fd_sc_hd__clkbuf_16)
     2    0.02                           clknet_0_clk (net)
                  0.03    0.00    0.14 ^ clkbuf_1_1__f_clk/A (sky130_fd_sc_hd__clkbuf_16)
                  0.02    0.08    0.22 ^ clkbuf_1_1__f_clk/X (sky130_fd_sc_hd__clkbuf_16)
     2    0.01                           clknet_1_1__leaf_clk (net)
                  0.02    0.00    0.22 ^ _127_/CLK (sky130_fd_sc_hd__dfxtp_1)
                  0.04    0.20    0.42 ^ _127_/Q (sky130_fd_sc_hd__dfxtp_1)
     1    0.00                           net16 (net)
                  0.04    0.00    0.42 ^ output16/A (sky130_fd_sc_hd__clkbuf_4)
                  0.09    0.13    0.55 ^ output16/X (sky130_fd_sc_hd__clkbuf_4)
     1    0.04                           result[3] (net)
                  0.09    0.00    0.55 ^ result[3] (out)
                                  0.55   data arrival time

                         10.00   10.00   clock clk (rise edge)
                          0.00   10.00   clock network delay (propagated)
                         -0.25    9.75   clock uncertainty
                          0.00    9.75   clock reconvergence pessimism
                         -2.00    7.75   output external delay
                                  7.75   data required time
-----------------------------------------------------------------------------
                                  7.75   data required time
                                 -0.55   data arrival time
-----------------------------------------------------------------------------
                                  7.20   slack (MET)


Startpoint: _124_ (rising edge-triggered flip-flop clocked by clk)
Endpoint: result[0] (output port clocked by clk)
Path Group: clk
Path Type: max
Corner: Fastest

Fanout     Cap    Slew   Delay    Time   Description
-----------------------------------------------------------------------------
                          0.00    0.00   clock clk (rise edge)
                          0.00    0.00   clock source latency
                  0.05    0.04    0.04 ^ clk (in)
     1    0.01                           clk (net)
                  0.05    0.00    0.04 ^ clkbuf_0_clk/A (sky130_fd_sc_hd__clkbuf_16)
                  0.03    0.10    0.13 ^ clkbuf_0_clk/X (sky130_fd_sc_hd__clkbuf_16)
     2    0.02                           clknet_0_clk (net)
                  0.03    0.00    0.14 ^ clkbuf_1_0__f_clk/A (sky130_fd_sc_hd__clkbuf_16)
                  0.02    0.08    0.22 ^ clkbuf_1_0__f_clk/X (sky130_fd_sc_hd__clkbuf_16)
     2    0.01                           clknet_1_0__leaf_clk (net)
                  0.02    0.00    0.22 ^ _124_/CLK (sky130_fd_sc_hd__dfxtp_1)
                  0.03    0.19    0.40 ^ _124_/Q (sky130_fd_sc_hd__dfxtp_1)
     1    0.00                           net13 (net)
                  0.03    0.00    0.40 ^ output13/A (sky130_fd_sc_hd__buf_2)
                  0.13    0.14    0.55 ^ output13/X (sky130_fd_sc_hd__buf_2)
     1    0.03                           result[0] (net)
                  0.13    0.00    0.55 ^ result[0] (out)
                                  0.55   data arrival time

                         10.00   10.00   clock clk (rise edge)
                          0.00   10.00   clock network delay (propagated)
                         -0.25    9.75   clock uncertainty
                          0.00    9.75   clock reconvergence pessimism
                         -2.00    7.75   output external delay
                                  7.75   data required time
-----------------------------------------------------------------------------
                                  7.75   data required time
                                 -0.55   data arrival time
-----------------------------------------------------------------------------
                                  7.20   slack (MET)


Startpoint: _126_ (rising edge-triggered flip-flop clocked by clk)
Endpoint: result[2] (output port clocked by clk)
Path Group: clk
Path Type: max
Corner: Fastest

Fanout     Cap    Slew   Delay    Time   Description
-----------------------------------------------------------------------------
                          0.00    0.00   clock clk (rise edge)
                          0.00    0.00   clock source latency
                  0.05    0.04    0.04 ^ clk (in)
     1    0.01                           clk (net)
                  0.05    0.00    0.04 ^ clkbuf_0_clk/A (sky130_fd_sc_hd__clkbuf_16)
                  0.03    0.10    0.13 ^ clkbuf_0_clk/X (sky130_fd_sc_hd__clkbuf_16)
     2    0.02                           clknet_0_clk (net)
                  0.03    0.00    0.14 ^ clkbuf_1_1__f_clk/A (sky130_fd_sc_hd__clkbuf_16)
                  0.02    0.08    0.22 ^ clkbuf_1_1__f_clk/X (sky130_fd_sc_hd__clkbuf_16)
     2    0.01                           clknet_1_1__leaf_clk (net)
                  0.02    0.00    0.22 ^ _126_/CLK (sky130_fd_sc_hd__dfxtp_1)
                  0.03    0.19    0.41 ^ _126_/Q (sky130_fd_sc_hd__dfxtp_1)
     1    0.00                           net15 (net)
                  0.03    0.00    0.41 ^ output15/A (sky130_fd_sc_hd__clkbuf_4)
                  0.08    0.13    0.55 ^ output15/X (sky130_fd_sc_hd__clkbuf_4)
     1    0.03                           result[2] (net)
                  0.08    0.00    0.55 ^ result[2] (out)
                                  0.55   data arrival time

                         10.00   10.00   clock clk (rise edge)
                          0.00   10.00   clock network delay (propagated)
                         -0.25    9.75   clock uncertainty
                          0.00    9.75   clock reconvergence pessimism
                         -2.00    7.75   output external delay
                                  7.75   data required time
-----------------------------------------------------------------------------
                                  7.75   data required time
                                 -0.55   data arrival time
-----------------------------------------------------------------------------
                                  7.20   slack (MET)


Startpoint: _125_ (rising edge-triggered flip-flop clocked by clk)
Endpoint: result[1] (output port clocked by clk)
Path Group: clk
Path Type: max
Corner: Fastest

Fanout     Cap    Slew   Delay    Time   Description
-----------------------------------------------------------------------------
                          0.00    0.00   clock clk (rise edge)
                          0.00    0.00   clock source latency
                  0.05    0.04    0.04 ^ clk (in)
     1    0.01                           clk (net)
                  0.05    0.00    0.04 ^ clkbuf_0_clk/A (sky130_fd_sc_hd__clkbuf_16)
                  0.03    0.10    0.13 ^ clkbuf_0_clk/X (sky130_fd_sc_hd__clkbuf_16)
     2    0.02                           clknet_0_clk (net)
                  0.03    0.00    0.14 ^ clkbuf_1_0__f_clk/A (sky130_fd_sc_hd__clkbuf_16)
                  0.02    0.08    0.22 ^ clkbuf_1_0__f_clk/X (sky130_fd_sc_hd__clkbuf_16)
     2    0.01                           clknet_1_0__leaf_clk (net)
                  0.02    0.00    0.22 ^ _125_/CLK (sky130_fd_sc_hd__dfxtp_1)
                  0.03    0.19    0.41 ^ _125_/Q (sky130_fd_sc_hd__dfxtp_1)
     1    0.00                           net14 (net)
                  0.03    0.00    0.41 ^ output14/A (sky130_fd_sc_hd__clkbuf_4)
                  0.08    0.13    0.54 ^ output14/X (sky130_fd_sc_hd__clkbuf_4)
     1    0.03                           result[1] (net)
                  0.08    0.00    0.54 ^ result[1] (out)
                                  0.54   data arrival time

                         10.00   10.00   clock clk (rise edge)
                          0.00   10.00   clock network delay (propagated)
                         -0.25    9.75   clock uncertainty
                          0.00    9.75   clock reconvergence pessimism
                         -2.00    7.75   output external delay
                                  7.75   data required time
-----------------------------------------------------------------------------
                                  7.75   data required time
                                 -0.54   data arrival time
-----------------------------------------------------------------------------
                                  7.21   slack (MET)



======================= Slowest Corner ===================================

Startpoint: sel[2] (input port clocked by clk)
Endpoint: _125_ (rising edge-triggered flip-flop clocked by clk)
Path Group: clk
Path Type: max
Corner: Slowest

Fanout     Cap    Slew   Delay    Time   Description
-----------------------------------------------------------------------------
                          0.00    0.00   clock clk (rise edge)
                          0.00    0.00   clock network delay (propagated)
                          2.00    2.00 v input external delay
                  0.02    0.01    2.01 v sel[2] (in)
     1    0.00                           sel[2] (net)
                  0.02    0.00    2.01 v input12/A (sky130_fd_sc_hd__buf_1)
                  0.11    0.19    2.20 v input12/X (sky130_fd_sc_hd__buf_1)
     3    0.01                           net12 (net)
                  0.11    0.00    2.20 v _080_/A_N (sky130_fd_sc_hd__nand3b_2)
                  0.28    0.61    2.81 v _080_/Y (sky130_fd_sc_hd__nand3b_2)
     5    0.02                           _021_ (net)
                  0.28    0.00    2.81 v _081_/A2 (sky130_fd_sc_hd__a21bo_1)
                  0.08    0.46    3.28 v _081_/X (sky130_fd_sc_hd__a21bo_1)
     2    0.00                           _022_ (net)
                  0.08    0.00    3.28 v _083_/B (sky130_fd_sc_hd__and3_1)
                  0.11    0.40    3.68 v _083_/X (sky130_fd_sc_hd__and3_1)
     2    0.01                           _024_ (net)
                  0.11    0.00    3.68 v _085_/A (sky130_fd_sc_hd__or2b_1)
                  0.11    0.56    4.23 v _085_/X (sky130_fd_sc_hd__or2b_1)
     1    0.01                           _026_ (net)
                  0.11    0.00    4.23 v _087_/A (sky130_fd_sc_hd__xnor2_1)
                  0.31    0.37    4.61 ^ _087_/Y (sky130_fd_sc_hd__xnor2_1)
     1    0.01                           _028_ (net)
                  0.31    0.00    4.61 ^ _091_/A2 (sky130_fd_sc_hd__a21oi_1)
                  0.12    0.25    4.85 v _091_/Y (sky130_fd_sc_hd__a21oi_1)
     1    0.00                           _032_ (net)
                  0.12    0.00    4.85 v _093_/A3 (sky130_fd_sc_hd__a311oi_1)
                  0.35    0.49    5.34 ^ _093_/Y (sky130_fd_sc_hd__a311oi_1)
     1    0.00                           _001_ (net)
                  0.35    0.00    5.34 ^ _125_/D (sky130_fd_sc_hd__dfxtp_1)
                                  5.34   data arrival time

                         10.00   10.00   clock clk (rise edge)
                          0.00   10.00   clock source latency
                  0.11    0.07   10.07 ^ clk (in)
     1    0.01                           clk (net)
                  0.11    0.00   10.07 ^ clkbuf_0_clk/A (sky130_fd_sc_hd__clkbuf_16)
                  0.07    0.23   10.30 ^ clkbuf_0_clk/X (sky130_fd_sc_hd__clkbuf_16)
     2    0.02                           clknet_0_clk (net)
                  0.07    0.00   10.30 ^ clkbuf_1_0__f_clk/A (sky130_fd_sc_hd__clkbuf_16)
                  0.05    0.19   10.50 ^ clkbuf_1_0__f_clk/X (sky130_fd_sc_hd__clkbuf_16)
     2    0.01                           clknet_1_0__leaf_clk (net)
                  0.05    0.00   10.50 ^ _125_/CLK (sky130_fd_sc_hd__dfxtp_1)
                         -0.25   10.25   clock uncertainty
                          0.00   10.25   clock reconvergence pessimism
                         -0.20   10.04   library setup time
                                 10.04   data required time
-----------------------------------------------------------------------------
                                 10.04   data required time
                                 -5.34   data arrival time
-----------------------------------------------------------------------------
                                  4.70   slack (MET)


Startpoint: B[0] (input port clocked by clk)
Endpoint: _127_ (rising edge-triggered flip-flop clocked by clk)
Path Group: clk
Path Type: max
Corner: Slowest

Fanout     Cap    Slew   Delay    Time   Description
-----------------------------------------------------------------------------
                          0.00    0.00   clock clk (rise edge)
                          0.00    0.00   clock network delay (propagated)
                          2.00    2.00 v input external delay
                  0.02    0.01    2.01 v B[0] (in)
     1    0.00                           B[0] (net)
                  0.02    0.00    2.01 v input5/A (sky130_fd_sc_hd__clkbuf_2)
                  0.19    0.29    2.30 v input5/X (sky130_fd_sc_hd__clkbuf_2)
     7    0.03                           net5 (net)
                  0.19    0.00    2.30 v _096_/A (sky130_fd_sc_hd__or2_1)
                  0.16    0.65    2.95 v _096_/X (sky130_fd_sc_hd__or2_1)
     3    0.01                           _036_ (net)
                  0.16    0.00    2.95 v _098_/C (sky130_fd_sc_hd__and3_1)
                  0.15    0.52    3.47 v _098_/X (sky130_fd_sc_hd__and3_1)
     3    0.01                           _038_ (net)
                  0.15    0.00    3.47 v _100_/C (sky130_fd_sc_hd__nor3_1)
                  0.60    0.55    4.02 ^ _100_/Y (sky130_fd_sc_hd__nor3_1)
     3    0.01                           _040_ (net)
                  0.60    0.00    4.02 ^ _110_/A2 (sky130_fd_sc_hd__o21ai_1)
                  0.13    0.30    4.32 v _110_/Y (sky130_fd_sc_hd__o21ai_1)
     1    0.00                           _049_ (net)
                  0.13    0.00    4.32 v _117_/A1 (sky130_fd_sc_hd__a311o_1)
                  0.10    0.56    4.88 v _117_/X (sky130_fd_sc_hd__a311o_1)
     1    0.00                           _056_ (net)
                  0.10    0.00    4.88 v _123_/A1 (sky130_fd_sc_hd__a311oi_1)
                  0.39    0.43    5.31 ^ _123_/Y (sky130_fd_sc_hd__a311oi_1)
     1    0.00                           _003_ (net)
                  0.39    0.00    5.31 ^ _127_/D (sky130_fd_sc_hd__dfxtp_1)
                                  5.31   data arrival time

                         10.00   10.00   clock clk (rise edge)
                          0.00   10.00   clock source latency
                  0.11    0.07   10.07 ^ clk (in)
     1    0.01                           clk (net)
                  0.11    0.00   10.07 ^ clkbuf_0_clk/A (sky130_fd_sc_hd__clkbuf_16)
                  0.07    0.23   10.30 ^ clkbuf_0_clk/X (sky130_fd_sc_hd__clkbuf_16)
     2    0.02                           clknet_0_clk (net)
                  0.07    0.00   10.30 ^ clkbuf_1_1__f_clk/A (sky130_fd_sc_hd__clkbuf_16)
                  0.05    0.19   10.50 ^ clkbuf_1_1__f_clk/X (sky130_fd_sc_hd__clkbuf_16)
     2    0.01                           clknet_1_1__leaf_clk (net)
                  0.05    0.00   10.50 ^ _127_/CLK (sky130_fd_sc_hd__dfxtp_1)
                         -0.25   10.25   clock uncertainty
                          0.00   10.25   clock reconvergence pessimism
                         -0.21   10.03   library setup time
                                 10.03   data required time
-----------------------------------------------------------------------------
                                 10.03   data required time
                                 -5.31   data arrival time
-----------------------------------------------------------------------------
                                  4.72   slack (MET)


Startpoint: B[0] (input port clocked by clk)
Endpoint: _126_ (rising edge-triggered flip-flop clocked by clk)
Path Group: clk
Path Type: max
Corner: Slowest

Fanout     Cap    Slew   Delay    Time   Description
-----------------------------------------------------------------------------
                          0.00    0.00   clock clk (rise edge)
                          0.00    0.00   clock network delay (propagated)
                          2.00    2.00 v input external delay
                  0.02    0.01    2.01 v B[0] (in)
     1    0.00                           B[0] (net)
                  0.02    0.00    2.01 v input5/A (sky130_fd_sc_hd__clkbuf_2)
                  0.19    0.29    2.30 v input5/X (sky130_fd_sc_hd__clkbuf_2)
     7    0.03                           net5 (net)
                  0.19    0.00    2.30 v _096_/A (sky130_fd_sc_hd__or2_1)
                  0.16    0.65    2.95 v _096_/X (sky130_fd_sc_hd__or2_1)
     3    0.01                           _036_ (net)
                  0.16    0.00    2.95 v _098_/C (sky130_fd_sc_hd__and3_1)
                  0.15    0.52    3.47 v _098_/X (sky130_fd_sc_hd__and3_1)
     3    0.01                           _038_ (net)
                  0.15    0.00    3.47 v _100_/C (sky130_fd_sc_hd__nor3_1)
                  0.60    0.55    4.02 ^ _100_/Y (sky130_fd_sc_hd__nor3_1)
     3    0.01                           _040_ (net)
                  0.60    0.00    4.02 ^ _101_/B (sky130_fd_sc_hd__nor2_1)
                  0.14    0.26    4.28 v _101_/Y (sky130_fd_sc_hd__nor2_1)
     1    0.00                           _041_ (net)
                  0.14    0.00    4.28 v _102_/B (sky130_fd_sc_hd__xnor2_1)
                  0.23    0.29    4.57 ^ _102_/Y (sky130_fd_sc_hd__xnor2_1)
     1    0.00                           _042_ (net)
                  0.23    0.00    4.57 ^ _106_/A2 (sky130_fd_sc_hd__a21oi_1)
                  0.10    0.21    4.78 v _106_/Y (sky130_fd_sc_hd__a21oi_1)
     1    0.00                           _046_ (net)
                  0.10    0.00    4.78 v _108_/A3 (sky130_fd_sc_hd__a311oi_1)
                  0.33    0.46    5.24 ^ _108_/Y (sky130_fd_sc_hd__a311oi_1)
     1    0.00                           _002_ (net)
                  0.33    0.00    5.24 ^ _126_/D (sky130_fd_sc_hd__dfxtp_1)
                                  5.24   data arrival time

                         10.00   10.00   clock clk (rise edge)
                          0.00   10.00   clock source latency
                  0.11    0.07   10.07 ^ clk (in)
     1    0.01                           clk (net)
                  0.11    0.00   10.07 ^ clkbuf_0_clk/A (sky130_fd_sc_hd__clkbuf_16)
                  0.07    0.23   10.30 ^ clkbuf_0_clk/X (sky130_fd_sc_hd__clkbuf_16)
     2    0.02                           clknet_0_clk (net)
                  0.07    0.00   10.30 ^ clkbuf_1_1__f_clk/A (sky130_fd_sc_hd__clkbuf_16)
                  0.05    0.19   10.50 ^ clkbuf_1_1__f_clk/X (sky130_fd_sc_hd__clkbuf_16)
     2    0.01                           clknet_1_1__leaf_clk (net)
                  0.05    0.00   10.50 ^ _126_/CLK (sky130_fd_sc_hd__dfxtp_1)
                         -0.25   10.25   clock uncertainty
                          0.00   10.25   clock reconvergence pessimism
                         -0.20   10.05   library setup time
                                 10.05   data required time
-----------------------------------------------------------------------------
                                 10.05   data required time
                                 -5.24   data arrival time
-----------------------------------------------------------------------------
                                  4.81   slack (MET)


Startpoint: sel[1] (input port clocked by clk)
Endpoint: _124_ (rising edge-triggered flip-flop clocked by clk)
Path Group: clk
Path Type: max
Corner: Slowest

Fanout     Cap    Slew   Delay    Time   Description
-----------------------------------------------------------------------------
                          0.00    0.00   clock clk (rise edge)
                          0.00    0.00   clock network delay (propagated)
                          2.00    2.00 v input external delay
                  0.02    0.01    2.01 v sel[1] (in)
     1    0.00                           sel[1] (net)
                  0.02    0.00    2.01 v input11/A (sky130_fd_sc_hd__buf_1)
                  0.20    0.26    2.27 v input11/X (sky130_fd_sc_hd__buf_1)
     3    0.02                           net11 (net)
                  0.20    0.00    2.28 v _063_/A (sky130_fd_sc_hd__buf_2)
                  0.15    0.41    2.69 v _063_/X (sky130_fd_sc_hd__buf_2)
    10    0.03                           _005_ (net)
                  0.15    0.00    2.69 v _065_/B_N (sky130_fd_sc_hd__or2b_1)
                  0.15    0.40    3.09 ^ _065_/X (sky130_fd_sc_hd__or2b_1)
     2    0.01                           _007_ (net)
                  0.15    0.00    3.09 ^ _067_/B1 (sky130_fd_sc_hd__a22oi_1)
                  0.13    0.16    3.26 v _067_/Y (sky130_fd_sc_hd__a22oi_1)
     1    0.00                           _009_ (net)
                  0.13    0.00    3.26 v _068_/B2 (sky130_fd_sc_hd__o22a_1)
                  0.08    0.34    3.60 v _068_/X (sky130_fd_sc_hd__o22a_1)
     1    0.00                           _010_ (net)
                  0.08    0.00    3.60 v _074_/A (sky130_fd_sc_hd__or3b_1)
                  0.13    0.88    4.47 v _074_/X (sky130_fd_sc_hd__or3b_1)
     1    0.00                           _016_ (net)
                  0.13    0.00    4.47 v _076_/B (sky130_fd_sc_hd__and3b_1)
                  0.07    0.37    4.85 v _076_/X (sky130_fd_sc_hd__and3b_1)
     1    0.00                           _018_ (net)
                  0.07    0.00    4.85 v _077_/A (sky130_fd_sc_hd__clkbuf_1)
                  0.04    0.16    5.01 v _077_/X (sky130_fd_sc_hd__clkbuf_1)
     1    0.00                           _000_ (net)
                  0.04    0.00    5.01 v _124_/D (sky130_fd_sc_hd__dfxtp_1)
                                  5.01   data arrival time

                         10.00   10.00   clock clk (rise edge)
                          0.00   10.00   clock source latency
                  0.11    0.07   10.07 ^ clk (in)
     1    0.01                           clk (net)
                  0.11    0.00   10.07 ^ clkbuf_0_clk/A (sky130_fd_sc_hd__clkbuf_16)
                  0.07    0.23   10.30 ^ clkbuf_0_clk/X (sky130_fd_sc_hd__clkbuf_16)
     2    0.02                           clknet_0_clk (net)
                  0.07    0.00   10.30 ^ clkbuf_1_0__f_clk/A (sky130_fd_sc_hd__clkbuf_16)
                  0.05    0.19   10.50 ^ clkbuf_1_0__f_clk/X (sky130_fd_sc_hd__clkbuf_16)
     2    0.01                           clknet_1_0__leaf_clk (net)
                  0.05    0.00   10.50 ^ _124_/CLK (sky130_fd_sc_hd__dfxtp_1)
                         -0.25   10.25   clock uncertainty
                          0.00   10.25   clock reconvergence pessimism
                         -0.26    9.98   library setup time
                                  9.98   data required time
-----------------------------------------------------------------------------
                                  9.98   data required time
                                 -5.01   data arrival time
-----------------------------------------------------------------------------
                                  4.98   slack (MET)


Startpoint: _127_ (rising edge-triggered flip-flop clocked by clk)
Endpoint: result[3] (output port clocked by clk)
Path Group: clk
Path Type: max
Corner: Slowest

Fanout     Cap    Slew   Delay    Time   Description
-----------------------------------------------------------------------------
                          0.00    0.00   clock clk (rise edge)
                          0.00    0.00   clock source latency
                  0.11    0.08    0.08 ^ clk (in)
     1    0.01                           clk (net)
                  0.11    0.00    0.08 ^ clkbuf_0_clk/A (sky130_fd_sc_hd__clkbuf_16)
                  0.07    0.26    0.33 ^ clkbuf_0_clk/X (sky130_fd_sc_hd__clkbuf_16)
     2    0.02                           clknet_0_clk (net)
                  0.07    0.00    0.34 ^ clkbuf_1_1__f_clk/A (sky130_fd_sc_hd__clkbuf_16)
                  0.05    0.21    0.55 ^ clkbuf_1_1__f_clk/X (sky130_fd_sc_hd__clkbuf_16)
     2    0.01                           clknet_1_1__leaf_clk (net)
                  0.05    0.00    0.55 ^ _127_/CLK (sky130_fd_sc_hd__dfxtp_1)
                  0.08    0.66    1.21 ^ _127_/Q (sky130_fd_sc_hd__dfxtp_1)
     1    0.00                           net16 (net)
                  0.08    0.00    1.21 ^ output16/A (sky130_fd_sc_hd__clkbuf_4)
                  0.18    0.35    1.56 ^ output16/X (sky130_fd_sc_hd__clkbuf_4)
     1    0.04                           result[3] (net)
                  0.18    0.00    1.56 ^ result[3] (out)
                                  1.56   data arrival time

                         10.00   10.00   clock clk (rise edge)
                          0.00   10.00   clock network delay (propagated)
                         -0.25    9.75   clock uncertainty
                          0.00    9.75   clock reconvergence pessimism
                         -2.00    7.75   output external delay
                                  7.75   data required time
-----------------------------------------------------------------------------
                                  7.75   data required time
                                 -1.56   data arrival time
-----------------------------------------------------------------------------
                                  6.19   slack (MET)


Startpoint: _126_ (rising edge-triggered flip-flop clocked by clk)
Endpoint: result[2] (output port clocked by clk)
Path Group: clk
Path Type: max
Corner: Slowest

Fanout     Cap    Slew   Delay    Time   Description
-----------------------------------------------------------------------------
                          0.00    0.00   clock clk (rise edge)
                          0.00    0.00   clock source latency
                  0.11    0.08    0.08 ^ clk (in)
     1    0.01                           clk (net)
                  0.11    0.00    0.08 ^ clkbuf_0_clk/A (sky130_fd_sc_hd__clkbuf_16)
                  0.07    0.26    0.33 ^ clkbuf_0_clk/X (sky130_fd_sc_hd__clkbuf_16)
     2    0.02                           clknet_0_clk (net)
                  0.07    0.00    0.34 ^ clkbuf_1_1__f_clk/A (sky130_fd_sc_hd__clkbuf_16)
                  0.05    0.21    0.55 ^ clkbuf_1_1__f_clk/X (sky130_fd_sc_hd__clkbuf_16)
     2    0.01                           clknet_1_1__leaf_clk (net)
                  0.05    0.00    0.55 ^ _126_/CLK (sky130_fd_sc_hd__dfxtp_1)
                  0.08    0.65    1.21 ^ _126_/Q (sky130_fd_sc_hd__dfxtp_1)
     1    0.00                           net15 (net)
                  0.08    0.00    1.21 ^ output15/A (sky130_fd_sc_hd__clkbuf_4)
                  0.18    0.35    1.55 ^ output15/X (sky130_fd_sc_hd__clkbuf_4)
     1    0.03                           result[2] (net)
                  0.18    0.00    1.55 ^ result[2] (out)
                                  1.55   data arrival time

                         10.00   10.00   clock clk (rise edge)
                          0.00   10.00   clock network delay (propagated)
                         -0.25    9.75   clock uncertainty
                          0.00    9.75   clock reconvergence pessimism
                         -2.00    7.75   output external delay
                                  7.75   data required time
-----------------------------------------------------------------------------
                                  7.75   data required time
                                 -1.55   data arrival time
-----------------------------------------------------------------------------
                                  6.20   slack (MET)


Startpoint: _125_ (rising edge-triggered flip-flop clocked by clk)
Endpoint: result[1] (output port clocked by clk)
Path Group: clk
Path Type: max
Corner: Slowest

Fanout     Cap    Slew   Delay    Time   Description
-----------------------------------------------------------------------------
                          0.00    0.00   clock clk (rise edge)
                          0.00    0.00   clock source latency
                  0.11    0.08    0.08 ^ clk (in)
     1    0.01                           clk (net)
                  0.11    0.00    0.08 ^ clkbuf_0_clk/A (sky130_fd_sc_hd__clkbuf_16)
                  0.07    0.26    0.33 ^ clkbuf_0_clk/X (sky130_fd_sc_hd__clkbuf_16)
     2    0.02                           clknet_0_clk (net)
                  0.07    0.00    0.34 ^ clkbuf_1_0__f_clk/A (sky130_fd_sc_hd__clkbuf_16)
                  0.05    0.21    0.55 ^ clkbuf_1_0__f_clk/X (sky130_fd_sc_hd__clkbuf_16)
     2    0.01                           clknet_1_0__leaf_clk (net)
                  0.05    0.00    0.55 ^ _125_/CLK (sky130_fd_sc_hd__dfxtp_1)
                  0.07    0.65    1.19 ^ _125_/Q (sky130_fd_sc_hd__dfxtp_1)
     1    0.00                           net14 (net)
                  0.07    0.00    1.20 ^ output14/A (sky130_fd_sc_hd__clkbuf_4)
                  0.18    0.34    1.54 ^ output14/X (sky130_fd_sc_hd__clkbuf_4)
     1    0.03                           result[1] (net)
                  0.18    0.00    1.54 ^ result[1] (out)
                                  1.54   data arrival time

                         10.00   10.00   clock clk (rise edge)
                          0.00   10.00   clock network delay (propagated)
                         -0.25    9.75   clock uncertainty
                          0.00    9.75   clock reconvergence pessimism
                         -2.00    7.75   output external delay
                                  7.75   data required time
-----------------------------------------------------------------------------
                                  7.75   data required time
                                 -1.54   data arrival time
-----------------------------------------------------------------------------
                                  6.21   slack (MET)


Startpoint: _124_ (rising edge-triggered flip-flop clocked by clk)
Endpoint: result[0] (output port clocked by clk)
Path Group: clk
Path Type: max
Corner: Slowest

Fanout     Cap    Slew   Delay    Time   Description
-----------------------------------------------------------------------------
                          0.00    0.00   clock clk (rise edge)
                          0.00    0.00   clock source latency
                  0.11    0.08    0.08 ^ clk (in)
     1    0.01                           clk (net)
                  0.11    0.00    0.08 ^ clkbuf_0_clk/A (sky130_fd_sc_hd__clkbuf_16)
                  0.07    0.26    0.33 ^ clkbuf_0_clk/X (sky130_fd_sc_hd__clkbuf_16)
     2    0.02                           clknet_0_clk (net)
                  0.07    0.00    0.34 ^ clkbuf_1_0__f_clk/A (sky130_fd_sc_hd__clkbuf_16)
                  0.05    0.21    0.55 ^ clkbuf_1_0__f_clk/X (sky130_fd_sc_hd__clkbuf_16)
     2    0.01                           clknet_1_0__leaf_clk (net)
                  0.05    0.00    0.55 ^ _124_/CLK (sky130_fd_sc_hd__dfxtp_1)
                  0.06    0.63    1.18 ^ _124_/Q (sky130_fd_sc_hd__dfxtp_1)
     1    0.00                           net13 (net)
                  0.06    0.00    1.18 ^ output13/A (sky130_fd_sc_hd__buf_2)
                  0.27    0.35    1.54 ^ output13/X (sky130_fd_sc_hd__buf_2)
     1    0.03                           result[0] (net)
                  0.27    0.00    1.54 ^ result[0] (out)
                                  1.54   data arrival time

                         10.00   10.00   clock clk (rise edge)
                          0.00   10.00   clock network delay (propagated)
                         -0.25    9.75   clock uncertainty
                          0.00    9.75   clock reconvergence pessimism
                         -2.00    7.75   output external delay
                                  7.75   data required time
-----------------------------------------------------------------------------
                                  7.75   data required time
                                 -1.54   data arrival time
-----------------------------------------------------------------------------
                                  6.21   slack (MET)



======================= Typical Corner ===================================

Startpoint: sel[2] (input port clocked by clk)
Endpoint: _127_ (rising edge-triggered flip-flop clocked by clk)
Path Group: clk
Path Type: max
Corner: Typical

Fanout     Cap    Slew   Delay    Time   Description
-----------------------------------------------------------------------------
                          0.00    0.00   clock clk (rise edge)
                          0.00    0.00   clock network delay (propagated)
                          2.00    2.00 v input external delay
                  0.01    0.00    2.00 v sel[2] (in)
     1    0.00                           sel[2] (net)
                  0.01    0.00    2.00 v input12/A (sky130_fd_sc_hd__buf_1)
                  0.06    0.10    2.11 v input12/X (sky130_fd_sc_hd__buf_1)
     3    0.01                           net12 (net)
                  0.06    0.00    2.11 v _080_/A_N (sky130_fd_sc_hd__nand3b_2)
                  0.13    0.28    2.39 v _080_/Y (sky130_fd_sc_hd__nand3b_2)
     5    0.02                           _021_ (net)
                  0.13    0.00    2.39 v _081_/A2 (sky130_fd_sc_hd__a21bo_1)
                  0.04    0.24    2.62 v _081_/X (sky130_fd_sc_hd__a21bo_1)
     2    0.00                           _022_ (net)
                  0.04    0.00    2.62 v _084_/A1 (sky130_fd_sc_hd__a21o_1)
                  0.06    0.18    2.81 v _084_/X (sky130_fd_sc_hd__a21o_1)
     2    0.01                           _025_ (net)
                  0.06    0.00    2.81 v _095_/A1 (sky130_fd_sc_hd__a21oi_2)
                  0.21    0.22    3.03 ^ _095_/Y (sky130_fd_sc_hd__a21oi_2)
     3    0.02                           _035_ (net)
                  0.21    0.00    3.03 ^ _110_/A1 (sky130_fd_sc_hd__o21ai_1)
                  0.07    0.11    3.14 v _110_/Y (sky130_fd_sc_hd__o21ai_1)
     1    0.00                           _049_ (net)
                  0.07    0.00    3.15 v _117_/A1 (sky130_fd_sc_hd__a311o_1)
                  0.06    0.28    3.43 v _117_/X (sky130_fd_sc_hd__a311o_1)
     1    0.00                           _056_ (net)
                  0.06    0.00    3.43 v _123_/A1 (sky130_fd_sc_hd__a311oi_1)
                  0.24    0.25    3.68 ^ _123_/Y (sky130_fd_sc_hd__a311oi_1)
     1    0.00                           _003_ (net)
                  0.24    0.00    3.68 ^ _127_/D (sky130_fd_sc_hd__dfxtp_1)
                                  3.68   data arrival time

                         10.00   10.00   clock clk (rise edge)
                          0.00   10.00   clock source latency
                  0.07    0.05   10.05 ^ clk (in)
     1    0.01                           clk (net)
                  0.07    0.00   10.05 ^ clkbuf_0_clk/A (sky130_fd_sc_hd__clkbuf_16)
                  0.04    0.13   10.18 ^ clkbuf_0_clk/X (sky130_fd_sc_hd__clkbuf_16)
     2    0.02                           clknet_0_clk (net)
                  0.04    0.00   10.18 ^ clkbuf_1_1__f_clk/A (sky130_fd_sc_hd__clkbuf_16)
                  0.03    0.11   10.29 ^ clkbuf_1_1__f_clk/X (sky130_fd_sc_hd__clkbuf_16)
     2    0.01                           clknet_1_1__leaf_clk (net)
                  0.03    0.00   10.29 ^ _127_/CLK (sky130_fd_sc_hd__dfxtp_1)
                         -0.25   10.04   clock uncertainty
                          0.00   10.04   clock reconvergence pessimism
                         -0.10    9.94   library setup time
                                  9.94   data required time
-----------------------------------------------------------------------------
                                  9.94   data required time
                                 -3.68   data arrival time
-----------------------------------------------------------------------------
                                  6.26   slack (MET)


Startpoint: sel[2] (input port clocked by clk)
Endpoint: _125_ (rising edge-triggered flip-flop clocked by clk)
Path Group: clk
Path Type: max
Corner: Typical

Fanout     Cap    Slew   Delay    Time   Description
-----------------------------------------------------------------------------
                          0.00    0.00   clock clk (rise edge)
                          0.00    0.00   clock network delay (propagated)
                          2.00    2.00 v input external delay
                  0.01    0.00    2.00 v sel[2] (in)
     1    0.00                           sel[2] (net)
                  0.01    0.00    2.00 v input12/A (sky130_fd_sc_hd__buf_1)
                  0.06    0.10    2.11 v input12/X (sky130_fd_sc_hd__buf_1)
     3    0.01                           net12 (net)
                  0.06    0.00    2.11 v _080_/A_N (sky130_fd_sc_hd__nand3b_2)
                  0.13    0.28    2.39 v _080_/Y (sky130_fd_sc_hd__nand3b_2)
     5    0.02                           _021_ (net)
                  0.13    0.00    2.39 v _081_/A2 (sky130_fd_sc_hd__a21bo_1)
                  0.04    0.24    2.62 v _081_/X (sky130_fd_sc_hd__a21bo_1)
     2    0.00                           _022_ (net)
                  0.04    0.00    2.62 v _083_/B (sky130_fd_sc_hd__and3_1)
                  0.06    0.19    2.82 v _083_/X (sky130_fd_sc_hd__and3_1)
     2    0.01                           _024_ (net)
                  0.06    0.00    2.82 v _085_/A (sky130_fd_sc_hd__or2b_1)
                  0.06    0.25    3.06 v _085_/X (sky130_fd_sc_hd__or2b_1)
     1    0.01                           _026_ (net)
                  0.06    0.00    3.06 v _087_/A (sky130_fd_sc_hd__xnor2_1)
                  0.19    0.22    3.28 ^ _087_/Y (sky130_fd_sc_hd__xnor2_1)
     1    0.01                           _028_ (net)
                  0.19    0.00    3.28 ^ _091_/A2 (sky130_fd_sc_hd__a21oi_1)
                  0.06    0.11    3.39 v _091_/Y (sky130_fd_sc_hd__a21oi_1)
     1    0.00                           _032_ (net)
                  0.06    0.00    3.39 v _093_/A3 (sky130_fd_sc_hd__a311oi_1)
                  0.21    0.28    3.67 ^ _093_/Y (sky130_fd_sc_hd__a311oi_1)
     1    0.00                           _001_ (net)
                  0.21    0.00    3.67 ^ _125_/D (sky130_fd_sc_hd__dfxtp_1)
                                  3.67   data arrival time

                         10.00   10.00   clock clk (rise edge)
                          0.00   10.00   clock source latency
                  0.07    0.05   10.05 ^ clk (in)
     1    0.01                           clk (net)
                  0.07    0.00   10.05 ^ clkbuf_0_clk/A (sky130_fd_sc_hd__clkbuf_16)
                  0.04    0.13   10.18 ^ clkbuf_0_clk/X (sky130_fd_sc_hd__clkbuf_16)
     2    0.02                           clknet_0_clk (net)
                  0.04    0.00   10.18 ^ clkbuf_1_0__f_clk/A (sky130_fd_sc_hd__clkbuf_16)
                  0.03    0.11   10.29 ^ clkbuf_1_0__f_clk/X (sky130_fd_sc_hd__clkbuf_16)
     2    0.01                           clknet_1_0__leaf_clk (net)
                  0.03    0.00   10.29 ^ _125_/CLK (sky130_fd_sc_hd__dfxtp_1)
                         -0.25   10.04   clock uncertainty
                          0.00   10.04   clock reconvergence pessimism
                         -0.10    9.94   library setup time
                                  9.94   data required time
-----------------------------------------------------------------------------
                                  9.94   data required time
                                 -3.67   data arrival time
-----------------------------------------------------------------------------
                                  6.27   slack (MET)


Startpoint: B[0] (input port clocked by clk)
Endpoint: _126_ (rising edge-triggered flip-flop clocked by clk)
Path Group: clk
Path Type: max
Corner: Typical

Fanout     Cap    Slew   Delay    Time   Description
-----------------------------------------------------------------------------
                          0.00    0.00   clock clk (rise edge)
                          0.00    0.00   clock network delay (propagated)
                          2.00    2.00 v input external delay
                  0.01    0.01    2.01 v B[0] (in)
     1    0.00                           B[0] (net)
                  0.01    0.00    2.01 v input5/A (sky130_fd_sc_hd__clkbuf_2)
                  0.10    0.16    2.16 v input5/X (sky130_fd_sc_hd__clkbuf_2)
     7    0.03                           net5 (net)
                  0.10    0.00    2.16 v _096_/A (sky130_fd_sc_hd__or2_1)
                  0.08    0.30    2.46 v _096_/X (sky130_fd_sc_hd__or2_1)
     3    0.01                           _036_ (net)
                  0.08    0.00    2.46 v _098_/C (sky130_fd_sc_hd__and3_1)
                  0.08    0.25    2.71 v _098_/X (sky130_fd_sc_hd__and3_1)
     3    0.01                           _038_ (net)
                  0.08    0.00    2.71 v _100_/C (sky130_fd_sc_hd__nor3_1)
                  0.35    0.31    3.02 ^ _100_/Y (sky130_fd_sc_hd__nor3_1)
     3    0.01                           _040_ (net)
                  0.35    0.00    3.02 ^ _101_/B (sky130_fd_sc_hd__nor2_1)
                  0.08    0.10    3.11 v _101_/Y (sky130_fd_sc_hd__nor2_1)
     1    0.00                           _041_ (net)
                  0.08    0.00    3.11 v _102_/B (sky130_fd_sc_hd__xnor2_1)
                  0.14    0.17    3.28 ^ _102_/Y (sky130_fd_sc_hd__xnor2_1)
     1    0.00                           _042_ (net)
                  0.14    0.00    3.28 ^ _106_/A2 (sky130_fd_sc_hd__a21oi_1)
                  0.05    0.09    3.38 v _106_/Y (sky130_fd_sc_hd__a21oi_1)
     1    0.00                           _046_ (net)
                  0.05    0.00    3.38 v _108_/A3 (sky130_fd_sc_hd__a311oi_1)
                  0.20    0.27    3.64 ^ _108_/Y (sky130_fd_sc_hd__a311oi_1)
     1    0.00                           _002_ (net)
                  0.20    0.00    3.64 ^ _126_/D (sky130_fd_sc_hd__dfxtp_1)
                                  3.64   data arrival time

                         10.00   10.00   clock clk (rise edge)
                          0.00   10.00   clock source latency
                  0.07    0.05   10.05 ^ clk (in)
     1    0.01                           clk (net)
                  0.07    0.00   10.05 ^ clkbuf_0_clk/A (sky130_fd_sc_hd__clkbuf_16)
                  0.04    0.13   10.18 ^ clkbuf_0_clk/X (sky130_fd_sc_hd__clkbuf_16)
     2    0.02                           clknet_0_clk (net)
                  0.04    0.00   10.18 ^ clkbuf_1_1__f_clk/A (sky130_fd_sc_hd__clkbuf_16)
                  0.03    0.11   10.29 ^ clkbuf_1_1__f_clk/X (sky130_fd_sc_hd__clkbuf_16)
     2    0.01                           clknet_1_1__leaf_clk (net)
                  0.03    0.00   10.29 ^ _126_/CLK (sky130_fd_sc_hd__dfxtp_1)
                         -0.25   10.04   clock uncertainty
                          0.00   10.04   clock reconvergence pessimism
                         -0.09    9.94   library setup time
                                  9.94   data required time
-----------------------------------------------------------------------------
                                  9.94   data required time
                                 -3.64   data arrival time
-----------------------------------------------------------------------------
                                  6.30   slack (MET)


Startpoint: sel[1] (input port clocked by clk)
Endpoint: _124_ (rising edge-triggered flip-flop clocked by clk)
Path Group: clk
Path Type: max
Corner: Typical

Fanout     Cap    Slew   Delay    Time   Description
-----------------------------------------------------------------------------
                          0.00    0.00   clock clk (rise edge)
                          0.00    0.00   clock network delay (propagated)
                          2.00    2.00 v input external delay
                  0.01    0.01    2.01 v sel[1] (in)
     1    0.00                           sel[1] (net)
                  0.01    0.00    2.01 v input11/A (sky130_fd_sc_hd__buf_1)
                  0.10    0.14    2.14 v input11/X (sky130_fd_sc_hd__buf_1)
     3    0.02                           net11 (net)
                  0.10    0.00    2.15 v _063_/A (sky130_fd_sc_hd__buf_2)
                  0.08    0.21    2.36 v _063_/X (sky130_fd_sc_hd__buf_2)
    10    0.03                           _005_ (net)
                  0.08    0.00    2.36 v _065_/B_N (sky130_fd_sc_hd__or2b_1)
                  0.09    0.21    2.57 ^ _065_/X (sky130_fd_sc_hd__or2b_1)
     2    0.01                           _007_ (net)
                  0.09    0.00    2.57 ^ _067_/B1 (sky130_fd_sc_hd__a22oi_1)
                  0.07    0.08    2.65 v _067_/Y (sky130_fd_sc_hd__a22oi_1)
     1    0.00                           _009_ (net)
                  0.07    0.00    2.65 v _068_/B2 (sky130_fd_sc_hd__o22a_1)
                  0.04    0.16    2.81 v _068_/X (sky130_fd_sc_hd__o22a_1)
     1    0.00                           _010_ (net)
                  0.04    0.00    2.81 v _074_/A (sky130_fd_sc_hd__or3b_1)
                  0.06    0.37    3.19 v _074_/X (sky130_fd_sc_hd__or3b_1)
     1    0.00                           _016_ (net)
                  0.06    0.00    3.19 v _076_/B (sky130_fd_sc_hd__and3b_1)
                  0.04    0.17    3.36 v _076_/X (sky130_fd_sc_hd__and3b_1)
     1    0.00                           _018_ (net)
                  0.04    0.00    3.36 v _077_/A (sky130_fd_sc_hd__clkbuf_1)
                  0.02    0.08    3.44 v _077_/X (sky130_fd_sc_hd__clkbuf_1)
     1    0.00                           _000_ (net)
                  0.02    0.00    3.44 v _124_/D (sky130_fd_sc_hd__dfxtp_1)
                                  3.44   data arrival time

                         10.00   10.00   clock clk (rise edge)
                          0.00   10.00   clock source latency
                  0.07    0.05   10.05 ^ clk (in)
     1    0.01                           clk (net)
                  0.07    0.00   10.05 ^ clkbuf_0_clk/A (sky130_fd_sc_hd__clkbuf_16)
                  0.04    0.13   10.18 ^ clkbuf_0_clk/X (sky130_fd_sc_hd__clkbuf_16)
     2    0.02                           clknet_0_clk (net)
                  0.04    0.00   10.18 ^ clkbuf_1_0__f_clk/A (sky130_fd_sc_hd__clkbuf_16)
                  0.03    0.11   10.29 ^ clkbuf_1_0__f_clk/X (sky130_fd_sc_hd__clkbuf_16)
     2    0.01                           clknet_1_0__leaf_clk (net)
                  0.03    0.00   10.29 ^ _124_/CLK (sky130_fd_sc_hd__dfxtp_1)
                         -0.25   10.04   clock uncertainty
                          0.00   10.04   clock reconvergence pessimism
                         -0.10    9.93   library setup time
                                  9.93   data required time
-----------------------------------------------------------------------------
                                  9.93   data required time
                                 -3.44   data arrival time
-----------------------------------------------------------------------------
                                  6.49   slack (MET)


Startpoint: _127_ (rising edge-triggered flip-flop clocked by clk)
Endpoint: result[3] (output port clocked by clk)
Path Group: clk
Path Type: max
Corner: Typical

Fanout     Cap    Slew   Delay    Time   Description
-----------------------------------------------------------------------------
                          0.00    0.00   clock clk (rise edge)
                          0.00    0.00   clock source latency
                  0.07    0.05    0.05 ^ clk (in)
     1    0.01                           clk (net)
                  0.07    0.00    0.05 ^ clkbuf_0_clk/A (sky130_fd_sc_hd__clkbuf_16)
                  0.04    0.14    0.19 ^ clkbuf_0_clk/X (sky130_fd_sc_hd__clkbuf_16)
     2    0.02                           clknet_0_clk (net)
                  0.04    0.00    0.20 ^ clkbuf_1_1__f_clk/A (sky130_fd_sc_hd__clkbuf_16)
                  0.03    0.12    0.32 ^ clkbuf_1_1__f_clk/X (sky130_fd_sc_hd__clkbuf_16)
     2    0.01                           clknet_1_1__leaf_clk (net)
                  0.03    0.00    0.32 ^ _127_/CLK (sky130_fd_sc_hd__dfxtp_1)
                  0.05    0.32    0.63 ^ _127_/Q (sky130_fd_sc_hd__dfxtp_1)
     1    0.00                           net16 (net)
                  0.05    0.00    0.63 ^ output16/A (sky130_fd_sc_hd__clkbuf_4)
                  0.11    0.20    0.83 ^ output16/X (sky130_fd_sc_hd__clkbuf_4)
     1    0.04                           result[3] (net)
                  0.11    0.00    0.83 ^ result[3] (out)
                                  0.83   data arrival time

                         10.00   10.00   clock clk (rise edge)
                          0.00   10.00   clock network delay (propagated)
                         -0.25    9.75   clock uncertainty
                          0.00    9.75   clock reconvergence pessimism
                         -2.00    7.75   output external delay
                                  7.75   data required time
-----------------------------------------------------------------------------
                                  7.75   data required time
                                 -0.83   data arrival time
-----------------------------------------------------------------------------
                                  6.92   slack (MET)


Startpoint: _126_ (rising edge-triggered flip-flop clocked by clk)
Endpoint: result[2] (output port clocked by clk)
Path Group: clk
Path Type: max
Corner: Typical

Fanout     Cap    Slew   Delay    Time   Description
-----------------------------------------------------------------------------
                          0.00    0.00   clock clk (rise edge)
                          0.00    0.00   clock source latency
                  0.07    0.05    0.05 ^ clk (in)
     1    0.01                           clk (net)
                  0.07    0.00    0.05 ^ clkbuf_0_clk/A (sky130_fd_sc_hd__clkbuf_16)
                  0.04    0.14    0.19 ^ clkbuf_0_clk/X (sky130_fd_sc_hd__clkbuf_16)
     2    0.02                           clknet_0_clk (net)
                  0.04    0.00    0.20 ^ clkbuf_1_1__f_clk/A (sky130_fd_sc_hd__clkbuf_16)
                  0.03    0.12    0.32 ^ clkbuf_1_1__f_clk/X (sky130_fd_sc_hd__clkbuf_16)
     2    0.01                           clknet_1_1__leaf_clk (net)
                  0.03    0.00    0.32 ^ _126_/CLK (sky130_fd_sc_hd__dfxtp_1)
                  0.05    0.31    0.63 ^ _126_/Q (sky130_fd_sc_hd__dfxtp_1)
     1    0.00                           net15 (net)
                  0.05    0.00    0.63 ^ output15/A (sky130_fd_sc_hd__clkbuf_4)
                  0.11    0.19    0.82 ^ output15/X (sky130_fd_sc_hd__clkbuf_4)
     1    0.03                           result[2] (net)
                  0.11    0.00    0.83 ^ result[2] (out)
                                  0.83   data arrival time

                         10.00   10.00   clock clk (rise edge)
                          0.00   10.00   clock network delay (propagated)
                         -0.25    9.75   clock uncertainty
                          0.00    9.75   clock reconvergence pessimism
                         -2.00    7.75   output external delay
                                  7.75   data required time
-----------------------------------------------------------------------------
                                  7.75   data required time
                                 -0.83   data arrival time
-----------------------------------------------------------------------------
                                  6.92   slack (MET)


Startpoint: _124_ (rising edge-triggered flip-flop clocked by clk)
Endpoint: result[0] (output port clocked by clk)
Path Group: clk
Path Type: max
Corner: Typical

Fanout     Cap    Slew   Delay    Time   Description
-----------------------------------------------------------------------------
                          0.00    0.00   clock clk (rise edge)
                          0.00    0.00   clock source latency
                  0.07    0.05    0.05 ^ clk (in)
     1    0.01                           clk (net)
                  0.07    0.00    0.05 ^ clkbuf_0_clk/A (sky130_fd_sc_hd__clkbuf_16)
                  0.04    0.14    0.19 ^ clkbuf_0_clk/X (sky130_fd_sc_hd__clkbuf_16)
     2    0.02                           clknet_0_clk (net)
                  0.04    0.00    0.20 ^ clkbuf_1_0__f_clk/A (sky130_fd_sc_hd__clkbuf_16)
                  0.03    0.12    0.32 ^ clkbuf_1_0__f_clk/X (sky130_fd_sc_hd__clkbuf_16)
     2    0.01                           clknet_1_0__leaf_clk (net)
                  0.03    0.00    0.32 ^ _124_/CLK (sky130_fd_sc_hd__dfxtp_1)
                  0.03    0.30    0.62 ^ _124_/Q (sky130_fd_sc_hd__dfxtp_1)
     1    0.00                           net13 (net)
                  0.03    0.00    0.62 ^ output13/A (sky130_fd_sc_hd__buf_2)
                  0.17    0.20    0.82 ^ output13/X (sky130_fd_sc_hd__buf_2)
     1    0.03                           result[0] (net)
                  0.17    0.00    0.82 ^ result[0] (out)
                                  0.82   data arrival time

                         10.00   10.00   clock clk (rise edge)
                          0.00   10.00   clock network delay (propagated)
                         -0.25    9.75   clock uncertainty
                          0.00    9.75   clock reconvergence pessimism
                         -2.00    7.75   output external delay
                                  7.75   data required time
-----------------------------------------------------------------------------
                                  7.75   data required time
                                 -0.82   data arrival time
-----------------------------------------------------------------------------
                                  6.93   slack (MET)


Startpoint: _125_ (rising edge-triggered flip-flop clocked by clk)
Endpoint: result[1] (output port clocked by clk)
Path Group: clk
Path Type: max
Corner: Typical

Fanout     Cap    Slew   Delay    Time   Description
-----------------------------------------------------------------------------
                          0.00    0.00   clock clk (rise edge)
                          0.00    0.00   clock source latency
                  0.07    0.05    0.05 ^ clk (in)
     1    0.01                           clk (net)
                  0.07    0.00    0.05 ^ clkbuf_0_clk/A (sky130_fd_sc_hd__clkbuf_16)
                  0.04    0.14    0.19 ^ clkbuf_0_clk/X (sky130_fd_sc_hd__clkbuf_16)
     2    0.02                           clknet_0_clk (net)
                  0.04    0.00    0.20 ^ clkbuf_1_0__f_clk/A (sky130_fd_sc_hd__clkbuf_16)
                  0.03    0.12    0.32 ^ clkbuf_1_0__f_clk/X (sky130_fd_sc_hd__clkbuf_16)
     2    0.01                           clknet_1_0__leaf_clk (net)
                  0.03    0.00    0.32 ^ _125_/CLK (sky130_fd_sc_hd__dfxtp_1)
                  0.04    0.31    0.62 ^ _125_/Q (sky130_fd_sc_hd__dfxtp_1)
     1    0.00                           net14 (net)
                  0.04    0.00    0.63 ^ output14/A (sky130_fd_sc_hd__clkbuf_4)
                  0.11    0.19    0.82 ^ output14/X (sky130_fd_sc_hd__clkbuf_4)
     1    0.03                           result[1] (net)
                  0.11    0.00    0.82 ^ result[1] (out)
                                  0.82   data arrival time

                         10.00   10.00   clock clk (rise edge)
                          0.00   10.00   clock network delay (propagated)
                         -0.25    9.75   clock uncertainty
                          0.00    9.75   clock reconvergence pessimism
                         -2.00    7.75   output external delay
                                  7.75   data required time
-----------------------------------------------------------------------------
                                  7.75   data required time
                                 -0.82   data arrival time
-----------------------------------------------------------------------------
                                  6.93   slack (MET)



