
===========================================================================
 report_power
============================================================================
======================= Fastest Corner ===================================

Group                  Internal  Switching    Leakage      Total
                          Power      Power      Power      Power (Watts)
----------------------------------------------------------------
Sequential             2.08e-05   5.04e-07   5.81e-11   2.13e-05  16.2%
Combinational          7.34e-05   3.70e-05   8.70e-10   1.10e-04  83.8%
Macro                  0.00e+00   0.00e+00   0.00e+00   0.00e+00   0.0%
Pad                    0.00e+00   0.00e+00   0.00e+00   0.00e+00   0.0%
----------------------------------------------------------------
Total                  9.42e-05   3.75e-05   9.28e-10   1.32e-04 100.0%
                          71.5%      28.5%       0.0%

======================= Slowest Corner ===================================

Group                  Internal  Switching    Leakage      Total
                          Power      Power      Power      Power (Watts)
----------------------------------------------------------------
Sequential             1.41e-05   3.33e-07   5.86e-08   1.45e-05  15.8%
Combinational          5.26e-05   2.44e-05   3.85e-07   7.74e-05  84.2%
Macro                  0.00e+00   0.00e+00   0.00e+00   0.00e+00   0.0%
Pad                    0.00e+00   0.00e+00   0.00e+00   0.00e+00   0.0%
----------------------------------------------------------------
Total                  6.67e-05   2.48e-05   4.44e-07   9.19e-05 100.0%
                          72.6%      27.0%       0.5%

======================= Typical Corner ===================================

Group                  Internal  Switching    Leakage      Total
                          Power      Power      Power      Power (Watts)
----------------------------------------------------------------
Sequential             1.79e-05   4.23e-07   3.38e-11   1.83e-05  16.1%
Combinational          6.46e-05   3.13e-05   5.14e-10   9.58e-05  83.9%
Macro                  0.00e+00   0.00e+00   0.00e+00   0.00e+00   0.0%
Pad                    0.00e+00   0.00e+00   0.00e+00   0.00e+00   0.0%
----------------------------------------------------------------
Total                  8.25e-05   3.17e-05   5.47e-10   1.14e-04 100.0%
                          72.3%      27.7%       0.0%

