
===========================================================================
 report_power
============================================================================
======================= Fastest Corner ===================================

Group                  Internal  Switching    Leakage      Total
                          Power      Power      Power      Power (Watts)
----------------------------------------------------------------
Sequential             2.08e-05   4.90e-07   5.81e-11   2.13e-05  16.3%
Combinational          7.34e-05   3.59e-05   8.70e-10   1.09e-04  83.7%
Macro                  0.00e+00   0.00e+00   0.00e+00   0.00e+00   0.0%
Pad                    0.00e+00   0.00e+00   0.00e+00   0.00e+00   0.0%
----------------------------------------------------------------
Total                  9.41e-05   3.64e-05   9.28e-10   1.31e-04 100.0%
                          72.1%      27.9%       0.0%

======================= Slowest Corner ===================================

Group                  Internal  Switching    Leakage      Total
                          Power      Power      Power      Power (Watts)
----------------------------------------------------------------
Sequential             1.41e-05   3.24e-07   5.86e-08   1.45e-05  15.9%
Combinational          5.25e-05   2.37e-05   3.85e-07   7.66e-05  84.1%
Macro                  0.00e+00   0.00e+00   0.00e+00   0.00e+00   0.0%
Pad                    0.00e+00   0.00e+00   0.00e+00   0.00e+00   0.0%
----------------------------------------------------------------
Total                  6.66e-05   2.40e-05   4.44e-07   9.11e-05 100.0%
                          73.1%      26.4%       0.5%

======================= Typical Corner ===================================

Group                  Internal  Switching    Leakage      Total
                          Power      Power      Power      Power (Watts)
----------------------------------------------------------------
Sequential             1.79e-05   4.12e-07   3.38e-11   1.83e-05  16.2%
Combinational          6.45e-05   3.03e-05   5.14e-10   9.48e-05  83.8%
Macro                  0.00e+00   0.00e+00   0.00e+00   0.00e+00   0.0%
Pad                    0.00e+00   0.00e+00   0.00e+00   0.00e+00   0.0%
----------------------------------------------------------------
Total                  8.24e-05   3.07e-05   5.47e-10   1.13e-04 100.0%
                          72.8%      27.2%       0.0%

